// Vitest Snapshot v1

exports[`renders LoginForm 1`] = `
<div
  className="py-12 w-80"
>
  <div
    className="bg-white justify-center flex flex-col items-center border border-gray-200 py-5"
  >
    <div
      className="flex justify-center my-6"
    >
      <img
        alt="Instagram logo"
        className="h-12"
        src="/src/assets/instagram.svg"
      />
    </div>
    <form
      className="w-64 flex flex-col"
      onSubmit={[Function]}
    >
      <input
        className="bg-gray-50 border w-full border-gray-200 rounded-sm p-2 text-sm my-1 box-border"
        name="email"
        onChange={[Function]}
        placeholder="Email address"
        type="text"
      />
      <input
        className="bg-gray-50 border w-full border-gray-200 rounded-sm p-2 text-sm my-1 box-border"
        name="password"
        onChange={[Function]}
        placeholder="Password"
        type="password"
      />
      <button
        className="bg-blue-500 text-white rounded-md py-1 my-2 font-medium disabled:opacity-50"
        disabled={true}
      >
        Login
      </button>
    </form>
    <div
      className="font-thin text-red-500 mt-5"
    />
  </div>
  <div
    className="bg-white my-3 text-center p-5 border border-gray-200"
  >
    Don't have an account? 
    <a
      className="text-blue-500 font-medium"
      href="/signup"
      onClick={[Function]}
    >
      Sign up
    </a>
  </div>
</div>
`;
